// Jest Snapshot v1, https://goo.gl/fbAQLP

exports[`Button component should render 1`] = `
<DocumentFragment>
  <button
    class="Button"
  >
    Submit
  </button>
</DocumentFragment>
`;
